[dead-store] in dead_store2.cairo:3:14
[unused-function] in dead_store2.cairo:1:1