[sucess-must-be-checked] in error_code.cairo:13:10
[unused-function] in error_code.cairo:1:1