[must-check-caller-address] in get_caller_address.cairo:6:10
[unused-function] in get_caller_address.cairo:14:1