[must-check-caller-address] in utils.cairo:10:10
[must-check-caller-address] in utils.cairo:23:10
[unused-imports] in proxy.cairo:3:19
[unused-imports] in proxy.cairo:3:38