[unused-function] in library.cairo:4:1
[unused-function] in main.cairo:3:1