[arithmetic-add] in a.cairo:13:19
[arithmetic-add] in b.cairo:13:19
[storage-var-collision] [This](0) storage variable is also declared [here](1), shadowing it and causing both storage variables to always be equal. in a.cairo:5:1 and b.cairo:5:1