[unknown-decorator] in unknown_decorator.cairo:1:2
[unused-function] in unknown_decorator.cairo:1:1